// Jest Snapshot v1, https://goo.gl/fbAQLP

exports[`Probando <PrimeraApp/> probando 1`] = `
<Fragment>
  <h1>
     
    Hello
     
  </h1>
  <p>
    Descripcion por defecto
  </p>
</Fragment>
`;
